
> invoice-maker@0.0.0 build
> tsc -b && vite build

src/components/InvoiceForm.tsx(3,3): error TS1484: 'InvoiceItem' is a type and must be imported using a type-only import when 'verbatimModuleSyntax' is enabled.
src/components/InvoicePDF.tsx(9,10): error TS1484: 'InvoiceItem' is a type and must be imported using a type-only import when 'verbatimModuleSyntax' is enabled.
src/components/invoicePreview.tsx(2,10): error TS1484: 'InvoiceItem' is a type and must be imported using a type-only import when 'verbatimModuleSyntax' is enabled.
